<?xml version="1.0" encoding="utf-8"?><testsuites><testsuite name="pytest" errors="0" failures="3" skipped="0" tests="3" time="0.042" timestamp="2024-04-08T17:28:48.415322" hostname="fv-az1535-860"><testcase classname="test_file" name="test_case_0" time="0.002"><failure message="AssertionError: assert '4100' == '2'&#10;  &#10;  - 2&#10;  + 4100">def test_case_0():
        input_data = "4"
        expected_result = "2"
        cast_type = type(expected_result)
    
        result = subprocess.run(
            "./main",
            input=input_data.encode(),
            stdout=subprocess.PIPE,
        )
&gt;       assert cast_type(result.stdout.decode()) == expected_result
E       AssertionError: assert '4100' == '2'
E         
E         - 2
E         + 4100

test_file.py:14: AssertionError</failure></testcase><testcase classname="test_file" name="test_case_1" time="0.002"><failure message="AssertionError: assert '4096' == '0'&#10;  &#10;  - 0&#10;  + 4096">def test_case_1():
        input_data = "0"
        expected_result = "0"
        cast_type = type(expected_result)
    
        result = subprocess.run(
            "./main",
            input=input_data.encode(),
            stdout=subprocess.PIPE,
        )
&gt;       assert cast_type(result.stdout.decode()) == expected_result
E       AssertionError: assert '4096' == '0'
E         
E         - 0
E         + 4096

test_file.py:26: AssertionError</failure></testcase><testcase classname="test_file" name="test_case_2" time="0.001"><failure message="AssertionError: assert '4086' == '-5'&#10;  &#10;  - -5&#10;  + 4086">def test_case_2():
        input_data = "-10"
        expected_result = "-5"
        cast_type = type(expected_result)
    
        result = subprocess.run(
            "./main",
            input=input_data.encode(),
            stdout=subprocess.PIPE,
        )
&gt;       assert cast_type(result.stdout.decode()) == expected_result
E       AssertionError: assert '4086' == '-5'
E         
E         - -5
E         + 4086

test_file.py:38: AssertionError</failure></testcase></testsuite></testsuites>